seaborn==0.11.2
lineapy==0.0.5
pandas==1.3.5
scikit-learn==1.0.2
altair==4.2.0
