lineapy==0.0.5
altair==4.2.0
pandas==1.3.5
seaborn==0.11.2
scikit-learn==1.0.2
