seaborn==0.11.2
pandas==1.3.5
altair==4.2.0
lineapy
scikit-learn==1.0.2
